[run-sync] Inicio 2026-05-01T23:53:39.479Z
[Visão mirror] Iniciando scrape espejo (puede tardar mucho)...
[Visão mirror] Filas de menú / listados: 97
[Visão mirror][LISTING] https://www.visaovip.com/es/busca/categoria/accesorios-para-hdssd/21-05 -> 0 URLs
[Visão mirror][LISTING] https://www.visaovip.com/es/busca/categoria/hd/21-02 -> 96 URLs
[Visão mirror][LISTING] https://www.visaovip.com/es/busca/categoria/pendrive/21-04 -> 52 URLs
[Visão mirror][LISTING] https://www.visaovip.com/es/busca/categoria/ssd/21-03 -> 172 URLs
[Visão mirror][LISTING] https://www.visaovip.com/es/busca/categoria/accesorios/19-14 -> 9 URLs
[Visão mirror][LISTING] https://www.visaovip.com/es/busca/categoria/headset/19-10 -> 4 URLs
[Visão mirror][LISTING] https://www.visaovip.com/es/busca/categoria/imac/19-01 -> 0 URLs
[Visão mirror][LISTING] https://www.visaovip.com/es/busca/categoria/ipad/19-05 -> 6 URLs
[Visão mirror][LISTING] https://www.visaovip.com/es/busca/categoria/iphone/19-04 -> 40 URLs
[Visão mirror][LISTING] https://www.visaovip.com/es/busca/categoria/macbook/19-02 -> 11 URLs
[Visão mirror][LISTING] https://www.visaovip.com/es/busca/categoria/mini-pc/19-03 -> 0 URLs
[Visão mirror][LISTING] https://www.visaovip.com/es/busca/categoria/monitor/19-07 -> 0 URLs
[Visão mirror][LISTING] https://www.visaovip.com/es/busca/categoria/mouse-y-mousepad/19-08 -> 1 URLs
[Visão mirror][LISTING] https://www.visaovip.com/es/busca/categoria/rastreador-y-gps/19-13 -> 2 URLs
[Visão mirror][LISTING] https://www.visaovip.com/es/busca/categoria/smartwatch/19-06 -> 6 URLs
[Visão mirror][LISTING] https://www.visaovip.com/es/busca/categoria/speaker-y-micro-system/19-12 -> 0 URLs
[Visão mirror][LISTING] https://www.visaovip.com/es/busca/categoria/streaming-de-medios/19-11 -> 0 URLs
[Visão mirror][LISTING] https://www.visaovip.com/es/busca/categoria/teclado/19-09 -> 5 URLs
[Visão mirror][LISTING] https://www.visaovip.com/es/busca/categoria/accesorios-para-celulares/32-04 -> 18 URLs
[Visão mirror][LISTING] https://www.visaovip.com/es/busca/categoria/celulares/32-01 -> 145 URLs
[Visão mirror][LISTING] https://www.visaovip.com/es/busca/categoria/tablets/32-02 -> 68 URLs
[Visão mirror][LISTING] https://www.visaovip.com/es/busca/categoria/telefonos/32-03 -> 9 URLs
[Visão mirror][LISTING] https://www.visaovip.com/es/busca/categoria/accesorios-para-cooler/25-06 -> 6 URLs
[Visão mirror][LISTING] https://www.visaovip.com/es/busca/categoria/cooler-para-cpu/25-02 -> 13 URLs
[Visão mirror][LISTING] https://www.visaovip.com/es/busca/categoria/cooler-para-gabinete/25-04 -> 18 URLs
[Visão mirror][LISTING] https://www.visaovip.com/es/busca/categoria/cooler-para-notebook/25-05 -> 13 URLs
[Visão mirror][LISTING] https://www.visaovip.com/es/busca/categoria/water-cooler/25-01 -> 40 URLs
[Visão mirror][LISTING] https://www.visaovip.com/es/busca/categoria/audio/33-02 -> 155 URLs
[Visão mirror][LISTING] https://www.visaovip.com/es/busca/categoria/automatizacion-comercial/33-12 -> 51 URLs
[Visão mirror][LISTING] https://www.visaovip.com/es/busca/categoria/automotivos/33-09 -> 17 URLs
[Visão mirror][LISTING] https://www.visaovip.com/es/busca/categoria/deporte-y-actividad/33-07 -> 23 URLs
[Visão mirror][LISTING] https://www.visaovip.com/es/busca/categoria/energia/33-05 -> 85 URLs
[Visão mirror][LISTING] https://www.visaovip.com/es/busca/categoria/fotografias/33-04 -> 25 URLs
[Visão mirror][LISTING] https://www.visaovip.com/es/busca/categoria/games/33-10 -> 94 URLs
[Visão mirror][LISTING] https://www.visaovip.com/es/busca/categoria/hogar-y-decoracion/33-08 -> 150 URLs
[Visão mirror][LISTING] https://www.visaovip.com/es/busca/categoria/monitoreo-y-seguridad/33-11 -> 143 URLs
[Visão mirror][LISTING] https://www.visaovip.com/es/busca/categoria/reloj-inteligente-y-accesorios/33-01 -> 122 URLs
[Visão mirror][LISTING] https://www.visaovip.com/es/busca/categoria/salud-y-belleza/33-06 -> 25 URLs
[Visão mirror][LISTING] https://www.visaovip.com/es/busca/categoria/tv-y-video/33-03 -> 141 URLs
[Visão mirror][LISTING] https://www.visaovip.com/es/busca/categoria/almacenamiento/21 -> 692 URLs
[Visão mirror][LISTING] https://www.visaovip.com/es/busca/categoria/apple/19 -> 84 URLs
[Visão mirror][LISTING] https://www.visaovip.com/es/busca/categoria/cartuchos-toners-y-cintas/29-02 -> 92 URLs
[Visão mirror][LISTING] https://www.visaovip.com/es/busca/categoria/celulares-y-tablets/32 -> 240 URLs
[Visão mirror][LISTING] https://www.visaovip.com/es/busca/categoria/cooler/25 -> 90 URLs
[Visão mirror][LISTING] https://www.visaovip.com/es/busca/categoria/electronicos/33 -> 1031 URLs
[Visão mirror][LISTING] https://www.visaovip.com/es/busca/categoria/escaner/29-03 -> 0 URLs
[Visão mirror][LISTING] https://www.visaovip.com/es/busca/categoria/fuente-de-alimentacion/26 -> 73 URLs
[Visão mirror][LISTING] https://www.visaovip.com/es/busca/categoria/gabinetes/28 -> 98 URLs
[Visão mirror][LISTING] https://www.visaovip.com/es/busca/categoria/impresoras/29-01 -> 64 URLs
[Visão mirror][LISTING] https://www.visaovip.com/es/busca/categoria/monitores/27 -> 91 URLs
[Visão mirror][LISTING] https://www.visaovip.com/es/busca/categoria/notebook-y-computadoras/20 -> 225 URLs
[Visão mirror][LISTING] https://www.visaovip.com/es/busca/categoria/perifericos/30 -> 906 URLs
[Visão mirror][LISTING] https://www.visaovip.com/es/busca/categoria/placas-madres/22 -> 280 URLs
[Visão mirror][LISTING] https://www.visaovip.com/es/busca/categoria/procesadores/24 -> 140 URLs
[Visão mirror][LISTING] https://www.visaovip.com/es/busca/categoria/red-y-internet/31 -> 288 URLs
[Visão mirror][LISTING] https://www.visaovip.com/es/busca/categoria/tarjetas-graficas/23 -> 139 URLs
[Visão mirror][LISTING] https://www.visaovip.com/es/busca/categoria/computadoras/20-02 -> 3 URLs
[Visão mirror][LISTING] https://www.visaovip.com/es/busca/categoria/fuente-cargador-y-baterias-para-notebook/20-07 -> 3 URLs
[Visão mirror][LISTING] https://www.visaovip.com/es/busca/categoria/impresoras-y-suministros/29 -> 156 URLs
[Visão mirror][LISTING] https://www.visaovip.com/es/busca/categoria/mini-pc/20-05 -> 35 URLs
[Visão mirror][LISTING] https://www.visaovip.com/es/busca/categoria/notebook/20-03 -> 147 URLs
[Visão mirror][LISTING] https://www.visaovip.com/es/busca/categoria/pc-montado/20-06 -> 36 URLs
[Visão mirror][LISTING] https://www.visaovip.com/es/busca/categoria/accesorios-gamer/30-01 -> 20 URLs
[Visão mirror][LISTING] https://www.visaovip.com/es/busca/categoria/anteojos-de-proteccion/30-23 -> 1 URLs
[Visão mirror][LISTING] https://www.visaovip.com/es/busca/categoria/auriculares-y-accesorios/30-05 -> 234 URLs
[Visão mirror][LISTING] https://www.visaovip.com/es/busca/categoria/cables-y-adaptadores/30-09 -> 148 URLs
[Visão mirror][LISTING] https://www.visaovip.com/es/busca/categoria/filtro-de-linea-y-extension/30-11 -> 21 URLs
[Visão mirror][LISTING] https://www.visaovip.com/es/busca/categoria/gravadores-y-lectores-cd-dvd-blu-ray/30-12 -> 1 URLs
[Visão mirror][LISTING] https://www.visaovip.com/es/busca/categoria/limpieza-y-mantenimiento/30-21 -> 12 URLs
[Visão mirror][LISTING] https://www.visaovip.com/es/busca/categoria/mesa-de-diseno/30-17 -> 0 URLs
[Visão mirror][LISTING] https://www.visaovip.com/es/busca/categoria/microfono/30-07 -> 21 URLs
[Visão mirror][LISTING] https://www.visaovip.com/es/busca/categoria/mochilas-fundas-y-maletas/30-10 -> 30 URLs
[Visão mirror][LISTING] https://www.visaovip.com/es/busca/categoria/mouse/30-03 -> 111 URLs
[Visão mirror][LISTING] https://www.visaovip.com/es/busca/categoria/mousepad-y-teclado-pad/30-04 -> 22 URLs
[Visão mirror][LISTING] https://www.visaovip.com/es/busca/categoria/nobreak-ups-y-estabilizadores/30-14 -> 48 URLs
[Visão mirror][LISTING] https://www.visaovip.com/es/busca/categoria/placa-captura-de-video/30-18 -> 3 URLs
[Visão mirror][LISTING] https://www.visaovip.com/es/busca/categoria/placa-de-sonido/30-20 -> 2 URLs
[Visão mirror][LISTING] https://www.visaovip.com/es/busca/categoria/placa-pci/30-19 -> 9 URLs
[Visão mirror][LISTING] https://www.visaovip.com/es/busca/categoria/proyectores-y-accesorios/30-15 -> 26 URLs
[Visão mirror][LISTING] https://www.visaovip.com/es/busca/categoria/servidores/30-16 -> 17 URLs
[Visão mirror][LISTING] https://www.visaovip.com/es/busca/categoria/soporte-para-monitores/30-13 -> 20 URLs
[Visão mirror][LISTING] https://www.visaovip.com/es/busca/categoria/teclados/30-02 -> 156 URLs
[Visão mirror][LISTING] https://www.visaovip.com/es/busca/categoria/webcam/30-06 -> 4 URLs
[Visão mirror][LISTING] https://www.visaovip.com/es/busca/categoria/mb-amd/22-02 -> 169 URLs
[Visão mirror][LISTING] https://www.visaovip.com/es/busca/categoria/mb-intel/22-01 -> 111 URLs
[Visão mirror][LISTING] https://www.visaovip.com/es/busca/categoria/cpu-amd/24-02 -> 40 URLs
[Visão mirror][LISTING] https://www.visaovip.com/es/busca/categoria/cpu-intel/24-01 -> 45 URLs
[Visão mirror][LISTING] https://www.visaovip.com/es/busca/categoria/cpu-oem/24-03 -> 55 URLs
[Visão mirror][LISTING] https://www.visaovip.com/es/busca/categoria/adaptadores-wifi-y-bluetooth/31-02 -> 29 URLs
[Visão mirror][LISTING] https://www.visaovip.com/es/busca/categoria/alicate-y-decapitador/31-05 -> 0 URLs
[Visão mirror][LISTING] https://www.visaovip.com/es/busca/categoria/cables-de-red-y-conectores/31-03 -> 17 URLs
[Visão mirror][LISTING] https://www.visaovip.com/es/busca/categoria/hub/31-04 -> 101 URLs
[Visão mirror][LISTING] https://www.visaovip.com/es/busca/categoria/router-y-repetidor/31-01 -> 141 URLs
[Visão mirror][LISTING] https://www.visaovip.com/es/busca/categoria/vga-intel/23-03 -> 0 URLs
[Visão mirror][LISTING] https://www.visaovip.com/es/busca/categoria/vga-nvidia/23-01 -> 104 URLs
[Visão mirror][LISTING] https://www.visaovip.com/es/busca/categoria/vga-radeon/23-02 -> 35 URLs
[Visão mirror][LISTING] https://www.visaovip.com/es/busca/categoria/memorias/21-01 -> 359 URLs
[Visão mirror] URLs únicas de producto (PDP): 4533
[Visão mirror][PDP] Inicio scrape de 4533 PDP (workers=6, log cada 20 completados)…
[Visão mirror][PDP] 1/4533 PDP scrapeados…
[Visão mirror][PDP] 20/4533 PDP scrapeados…
[Visão mirror][PDP] 40/4533 PDP scrapeados…
[Visão mirror][PDP] 60/4533 PDP scrapeados…
[Visão mirror][PDP] 80/4533 PDP scrapeados…
[Visão mirror][PDP] 100/4533 PDP scrapeados…
[Visão mirror][PDP] 120/4533 PDP scrapeados…
[Visão mirror][PDP] 140/4533 PDP scrapeados…
[Visão mirror][PDP] 160/4533 PDP scrapeados…
[Visão mirror][PDP] 180/4533 PDP scrapeados…
[Visão mirror][PDP] 200/4533 PDP scrapeados…
[Visão mirror][PDP] 220/4533 PDP scrapeados…
[Visão mirror][PDP] 240/4533 PDP scrapeados…
[Visão mirror][PDP] 260/4533 PDP scrapeados…
[Visão mirror][PDP] 280/4533 PDP scrapeados…
[Visão mirror][PDP] 300/4533 PDP scrapeados…
[Visão mirror][PDP] 320/4533 PDP scrapeados…
[Visão mirror][PDP] 340/4533 PDP scrapeados…
[Visão mirror][PDP] 360/4533 PDP scrapeados…
[Visão mirror][PDP] 380/4533 PDP scrapeados…
[Visão mirror][PDP] 400/4533 PDP scrapeados…
[Visão mirror][PDP] 420/4533 PDP scrapeados…
[Visão mirror][PDP] 440/4533 PDP scrapeados…
[Visão mirror][PDP] 460/4533 PDP scrapeados…
[Visão mirror][PDP] 480/4533 PDP scrapeados…
[Visão mirror][PDP] 500/4533 PDP scrapeados…
[Visão mirror][PDP] 520/4533 PDP scrapeados…
[Visão mirror][PDP] 540/4533 PDP scrapeados…
[Visão mirror][PDP] 560/4533 PDP scrapeados…
[Visão mirror][PDP] 580/4533 PDP scrapeados…
[Visão mirror][PDP] 600/4533 PDP scrapeados…
[Visão mirror][PDP] 620/4533 PDP scrapeados…
[Visão mirror][PDP] 640/4533 PDP scrapeados…
[Visão mirror][PDP] 660/4533 PDP scrapeados…
[Visão mirror][PDP] 680/4533 PDP scrapeados…
[Visão mirror][PDP] 700/4533 PDP scrapeados…
[Visão mirror][PDP] 720/4533 PDP scrapeados…
[Visão mirror][PDP] 740/4533 PDP scrapeados…
[Visão mirror][PDP] 760/4533 PDP scrapeados…
[Visão mirror][PDP] 780/4533 PDP scrapeados…
[Visão mirror][PDP] 800/4533 PDP scrapeados…
[Visão mirror][PDP] 820/4533 PDP scrapeados…
[Visão mirror][PDP] 840/4533 PDP scrapeados…
[Visão mirror][PDP] 860/4533 PDP scrapeados…
[Visão mirror][PDP] 880/4533 PDP scrapeados…
[Visão mirror][PDP] 900/4533 PDP scrapeados…
[Visão mirror][PDP] 920/4533 PDP scrapeados…
[Visão mirror][PDP] 940/4533 PDP scrapeados…
[Visão mirror][PDP] 960/4533 PDP scrapeados…
[Visão mirror][PDP] 980/4533 PDP scrapeados…
[Visão mirror][PDP] 1000/4533 PDP scrapeados…
[Visão mirror][PDP] 1020/4533 PDP scrapeados…
[Visão mirror][PDP] 1040/4533 PDP scrapeados…
[Visão mirror][PDP] 1060/4533 PDP scrapeados…
[Visão mirror][PDP] 1080/4533 PDP scrapeados…
[Visão mirror][PDP] 1100/4533 PDP scrapeados…
[Visão mirror][PDP] 1120/4533 PDP scrapeados…
[Visão mirror][PDP] 1140/4533 PDP scrapeados…
[Visão mirror][PDP] 1160/4533 PDP scrapeados…
[Visão mirror][PDP] 1180/4533 PDP scrapeados…
[Visão mirror][PDP] 1200/4533 PDP scrapeados…
[Visão mirror][PDP] 1220/4533 PDP scrapeados…
[Visão mirror][PDP] 1240/4533 PDP scrapeados…
[Visão mirror][PDP] 1260/4533 PDP scrapeados…
[Visão mirror][PDP] 1280/4533 PDP scrapeados…
[Visão mirror][PDP] 1300/4533 PDP scrapeados…
[Visão mirror][PDP] 1320/4533 PDP scrapeados…
[Visão mirror][PDP] 1340/4533 PDP scrapeados…
[Visão mirror][PDP] 1360/4533 PDP scrapeados…
[Visão mirror][PDP] 1380/4533 PDP scrapeados…
[Visão mirror][PDP] 1400/4533 PDP scrapeados…
[Visão mirror][PDP] 1420/4533 PDP scrapeados…
[Visão mirror][PDP] 1440/4533 PDP scrapeados…
[Visão mirror][PDP] 1460/4533 PDP scrapeados…
[Visão mirror][PDP] 1480/4533 PDP scrapeados…
[Visão mirror][PDP] 1500/4533 PDP scrapeados…
[Visão mirror][PDP] 1520/4533 PDP scrapeados…
[Visão mirror][PDP] 1540/4533 PDP scrapeados…
[Visão mirror][PDP] 1560/4533 PDP scrapeados…
[Visão mirror][PDP] 1580/4533 PDP scrapeados…
[Visão mirror][PDP] 1600/4533 PDP scrapeados…
[Visão mirror][PDP] 1620/4533 PDP scrapeados…
[Visão mirror][PDP] 1640/4533 PDP scrapeados…
[Visão mirror][PDP] 1660/4533 PDP scrapeados…
[Visão mirror][PDP] 1680/4533 PDP scrapeados…
[Visão mirror][PDP] 1700/4533 PDP scrapeados…
[Visão mirror][PDP] 1720/4533 PDP scrapeados…
[Visão mirror][PDP] 1740/4533 PDP scrapeados…
[Visão mirror][PDP] 1760/4533 PDP scrapeados…
[Visão mirror][PDP] 1780/4533 PDP scrapeados…
[Visão mirror][PDP] 1800/4533 PDP scrapeados…
[Visão mirror][PDP] 1820/4533 PDP scrapeados…
[Visão mirror][PDP] 1840/4533 PDP scrapeados…
[Visão mirror][PDP] 1860/4533 PDP scrapeados…
[Visão mirror][PDP] 1880/4533 PDP scrapeados…
[Visão mirror][PDP] 1900/4533 PDP scrapeados…
[Visão mirror][PDP] 1920/4533 PDP scrapeados…
[Visão mirror][PDP] 1940/4533 PDP scrapeados…
[Visão mirror][PDP] 1960/4533 PDP scrapeados…
[Visão mirror][PDP] 1980/4533 PDP scrapeados…
[Visão mirror][PDP] 2000/4533 PDP scrapeados…
[Visão mirror][PDP] 2020/4533 PDP scrapeados…
[Visão mirror][PDP] 2040/4533 PDP scrapeados…
[Visão mirror][PDP] 2060/4533 PDP scrapeados…
[Visão mirror][PDP] 2080/4533 PDP scrapeados…
[Visão mirror][PDP] 2100/4533 PDP scrapeados…
[Visão mirror][PDP] 2120/4533 PDP scrapeados…
[Visão mirror][PDP] 2140/4533 PDP scrapeados…
[Visão mirror][PDP] 2160/4533 PDP scrapeados…
[Visão mirror][PDP] 2180/4533 PDP scrapeados…
[Visão mirror][PDP] 2200/4533 PDP scrapeados…
[Visão mirror][PDP] 2220/4533 PDP scrapeados…
[Visão mirror][PDP] 2240/4533 PDP scrapeados…
[Visão mirror][PDP] 2260/4533 PDP scrapeados…
[Visão mirror][PDP] 2280/4533 PDP scrapeados…
[Visão mirror][PDP] 2300/4533 PDP scrapeados…
[Visão mirror][PDP] 2320/4533 PDP scrapeados…
[Visão mirror][PDP] 2340/4533 PDP scrapeados…
[Visão mirror][PDP] 2360/4533 PDP scrapeados…
[Visão mirror][PDP] 2380/4533 PDP scrapeados…
[Visão mirror][PDP] 2400/4533 PDP scrapeados…
[Visão mirror][PDP] 2420/4533 PDP scrapeados…
[Visão mirror][PDP] 2440/4533 PDP scrapeados…
[Visão mirror][PDP] 2460/4533 PDP scrapeados…
[Visão mirror][PDP] 2480/4533 PDP scrapeados…
[Visão mirror][PDP] 2500/4533 PDP scrapeados…
[Visão mirror][PDP] 2520/4533 PDP scrapeados…
[Visão mirror][PDP] 2540/4533 PDP scrapeados…
[Visão mirror][PDP] 2560/4533 PDP scrapeados…
[Visão mirror][PDP] 2580/4533 PDP scrapeados…
[Visão mirror][PDP] 2600/4533 PDP scrapeados…
[Visão mirror][PDP] 2620/4533 PDP scrapeados…
[Visão mirror][PDP] 2640/4533 PDP scrapeados…
[Visão mirror][PDP] 2660/4533 PDP scrapeados…
[Visão mirror][PDP] 2680/4533 PDP scrapeados…
[Visão mirror][PDP] 2700/4533 PDP scrapeados…
[Visão mirror][PDP] 2720/4533 PDP scrapeados…
[Visão mirror][PDP] 2740/4533 PDP scrapeados…
[Visão mirror][PDP] 2760/4533 PDP scrapeados…
[Visão mirror][PDP] 2780/4533 PDP scrapeados…
[Visão mirror][PDP] 2800/4533 PDP scrapeados…
[Visão mirror][PDP] 2820/4533 PDP scrapeados…
[Visão mirror][PDP] 2840/4533 PDP scrapeados…
[Visão mirror][PDP] 2860/4533 PDP scrapeados…
[Visão mirror][PDP] 2880/4533 PDP scrapeados…
[Visão mirror][PDP] 2900/4533 PDP scrapeados…
[Visão mirror][PDP] 2920/4533 PDP scrapeados…
[Visão mirror][PDP] 2940/4533 PDP scrapeados…
[Visão mirror][PDP] 2960/4533 PDP scrapeados…
[Visão mirror][PDP] 2980/4533 PDP scrapeados…
[Visão mirror][PDP] 3000/4533 PDP scrapeados…
[Visão mirror][PDP] 3020/4533 PDP scrapeados…
[Visão mirror][PDP] 3040/4533 PDP scrapeados…
[Visão mirror][PDP] 3060/4533 PDP scrapeados…
[Visão mirror][PDP] 3080/4533 PDP scrapeados…
[Visão mirror][PDP] 3100/4533 PDP scrapeados…
[Visão mirror][PDP] 3120/4533 PDP scrapeados…
[Visão mirror][PDP] 3140/4533 PDP scrapeados…
[Visão mirror][PDP] 3160/4533 PDP scrapeados…
[Visão mirror][PDP] 3180/4533 PDP scrapeados…
[Visão mirror][PDP] 3200/4533 PDP scrapeados…
[Visão mirror][PDP] 3220/4533 PDP scrapeados…
[Visão mirror][PDP] 3240/4533 PDP scrapeados…
[Visão mirror][PDP] 3260/4533 PDP scrapeados…
[Visão mirror][PDP] 3280/4533 PDP scrapeados…
[Visão mirror][PDP] 3300/4533 PDP scrapeados…
[Visão mirror][PDP] 3320/4533 PDP scrapeados…
[Visão mirror][PDP] 3340/4533 PDP scrapeados…
[Visão mirror][PDP] 3360/4533 PDP scrapeados…
[Visão mirror][PDP] 3380/4533 PDP scrapeados…
[Visão mirror][PDP] 3400/4533 PDP scrapeados…
[Visão mirror][PDP] 3420/4533 PDP scrapeados…
[Visão mirror][PDP] 3440/4533 PDP scrapeados…
[Visão mirror][PDP] 3460/4533 PDP scrapeados…
[Visão mirror][PDP] 3480/4533 PDP scrapeados…
[Visão mirror][PDP] 3500/4533 PDP scrapeados…
[Visão mirror][PDP] 3520/4533 PDP scrapeados…
[Visão mirror][PDP] 3540/4533 PDP scrapeados…
[Visão mirror][PDP] 3560/4533 PDP scrapeados…
[Visão mirror][PDP] 3580/4533 PDP scrapeados…
[Visão mirror][PDP] 3600/4533 PDP scrapeados…
[Visão mirror][PDP] 3620/4533 PDP scrapeados…
[Visão mirror][PDP] 3640/4533 PDP scrapeados…
[Visão mirror][PDP] 3660/4533 PDP scrapeados…
[Visão mirror][PDP] 3680/4533 PDP scrapeados…
[Visão mirror][PDP] 3700/4533 PDP scrapeados…
[Visão mirror][PDP] 3720/4533 PDP scrapeados…
[Visão mirror][PDP] 3740/4533 PDP scrapeados…
[Visão mirror][PDP] 3760/4533 PDP scrapeados…
[Visão mirror][PDP] 3780/4533 PDP scrapeados…
[Visão mirror][PDP] 3800/4533 PDP scrapeados…
[Visão mirror][PDP] 3820/4533 PDP scrapeados…
[Visão mirror][PDP] 3840/4533 PDP scrapeados…
[Visão mirror][PDP] 3860/4533 PDP scrapeados…
[Visão mirror][PDP] 3880/4533 PDP scrapeados…
[Visão mirror][PDP] 3900/4533 PDP scrapeados…
[Visão mirror][PDP] 3920/4533 PDP scrapeados…
[Visão mirror][PDP] 3940/4533 PDP scrapeados…
[Visão mirror][PDP] 3960/4533 PDP scrapeados…
[Visão mirror][PDP] 3980/4533 PDP scrapeados…
[Visão mirror][PDP] 4000/4533 PDP scrapeados…
[Visão mirror][PDP] 4020/4533 PDP scrapeados…
[Visão mirror][PDP] 4040/4533 PDP scrapeados…
[Visão mirror][PDP] 4060/4533 PDP scrapeados…
[Visão mirror][PDP] 4080/4533 PDP scrapeados…
[Visão mirror][PDP] 4100/4533 PDP scrapeados…
[Visão mirror][PDP] 4120/4533 PDP scrapeados…
[Visão mirror][PDP] 4140/4533 PDP scrapeados…
[Visão mirror][PDP] 4160/4533 PDP scrapeados…
[Visão mirror][PDP] 4180/4533 PDP scrapeados…
[Visão mirror][PDP] 4200/4533 PDP scrapeados…
[Visão mirror][PDP] 4220/4533 PDP scrapeados…
[Visão mirror][PDP] 4240/4533 PDP scrapeados…
[Visão mirror][PDP] 4260/4533 PDP scrapeados…
[Visão mirror][PDP] 4280/4533 PDP scrapeados…
[Visão mirror][PDP] 4300/4533 PDP scrapeados…
[Visão mirror][PDP] 4320/4533 PDP scrapeados…
[Visão mirror][PDP] 4340/4533 PDP scrapeados…
[Visão mirror][PDP] 4360/4533 PDP scrapeados…
[Visão mirror][PDP] 4380/4533 PDP scrapeados…
[Visão mirror][PDP] 4400/4533 PDP scrapeados…
[Visão mirror][PDP] 4420/4533 PDP scrapeados…
[Visão mirror][PDP] 4440/4533 PDP scrapeados…
[Visão mirror][PDP] 4460/4533 PDP scrapeados…
[Visão mirror][PDP] 4480/4533 PDP scrapeados…
[Visão mirror][PDP] 4500/4533 PDP scrapeados…
[Visão mirror][PDP] 4520/4533 PDP scrapeados…
