[run-sync] Inicio 2026-05-01T22:54:52.421Z
[Visão mirror] Iniciando scrape espejo (puede tardar mucho)...
[Visão mirror] Filas de menú / listados: 97
[Visão mirror][LISTING] https://www.visaovip.com/es/busca/categoria/accesorios-para-hdssd/21-05 -> 0 URLs
[Visão mirror][LISTING] https://www.visaovip.com/es/busca/categoria/hd/21-02 -> 96 URLs
[Visão mirror][LISTING] https://www.visaovip.com/es/busca/categoria/pendrive/21-04 -> 52 URLs
[Visão mirror][LISTING] https://www.visaovip.com/es/busca/categoria/ssd/21-03 -> 172 URLs
[Visão mirror][LISTING] https://www.visaovip.com/es/busca/categoria/accesorios/19-14 -> 9 URLs
[Visão mirror][LISTING] https://www.visaovip.com/es/busca/categoria/headset/19-10 -> 4 URLs
[Visão mirror][LISTING] https://www.visaovip.com/es/busca/categoria/imac/19-01 -> 0 URLs
[Visão mirror][LISTING] https://www.visaovip.com/es/busca/categoria/ipad/19-05 -> 6 URLs
[Visão mirror][LISTING] https://www.visaovip.com/es/busca/categoria/iphone/19-04 -> 40 URLs
[Visão mirror][LISTING] https://www.visaovip.com/es/busca/categoria/macbook/19-02 -> 11 URLs
[Visão mirror][LISTING] https://www.visaovip.com/es/busca/categoria/mini-pc/19-03 -> 0 URLs
[Visão mirror][LISTING] https://www.visaovip.com/es/busca/categoria/monitor/19-07 -> 0 URLs
[Visão mirror][LISTING] https://www.visaovip.com/es/busca/categoria/mouse-y-mousepad/19-08 -> 1 URLs
[Visão mirror][LISTING] https://www.visaovip.com/es/busca/categoria/rastreador-y-gps/19-13 -> 2 URLs
[Visão mirror][LISTING] https://www.visaovip.com/es/busca/categoria/smartwatch/19-06 -> 6 URLs
[Visão mirror][LISTING] https://www.visaovip.com/es/busca/categoria/speaker-y-micro-system/19-12 -> 0 URLs
[Visão mirror][LISTING] https://www.visaovip.com/es/busca/categoria/streaming-de-medios/19-11 -> 0 URLs
[Visão mirror][LISTING] https://www.visaovip.com/es/busca/categoria/teclado/19-09 -> 5 URLs
[Visão mirror][LISTING] https://www.visaovip.com/es/busca/categoria/accesorios-para-celulares/32-04 -> 18 URLs
[Visão mirror][LISTING] https://www.visaovip.com/es/busca/categoria/celulares/32-01 -> 145 URLs
[Visão mirror][LISTING] https://www.visaovip.com/es/busca/categoria/tablets/32-02 -> 68 URLs
[Visão mirror][LISTING] https://www.visaovip.com/es/busca/categoria/telefonos/32-03 -> 9 URLs
[Visão mirror][LISTING] https://www.visaovip.com/es/busca/categoria/accesorios-para-cooler/25-06 -> 6 URLs
[Visão mirror][LISTING] https://www.visaovip.com/es/busca/categoria/cooler-para-cpu/25-02 -> 13 URLs
[Visão mirror][LISTING] https://www.visaovip.com/es/busca/categoria/cooler-para-gabinete/25-04 -> 18 URLs
[Visão mirror][LISTING] https://www.visaovip.com/es/busca/categoria/cooler-para-notebook/25-05 -> 13 URLs
[Visão mirror][LISTING] https://www.visaovip.com/es/busca/categoria/water-cooler/25-01 -> 40 URLs
[Visão mirror][LISTING] https://www.visaovip.com/es/busca/categoria/audio/33-02 -> 155 URLs
[Visão mirror][LISTING] https://www.visaovip.com/es/busca/categoria/automatizacion-comercial/33-12 -> 51 URLs
[Visão mirror][LISTING] https://www.visaovip.com/es/busca/categoria/automotivos/33-09 -> 17 URLs
[Visão mirror][LISTING] https://www.visaovip.com/es/busca/categoria/deporte-y-actividad/33-07 -> 23 URLs
[Visão mirror][LISTING] https://www.visaovip.com/es/busca/categoria/energia/33-05 -> 85 URLs
[Visão mirror][LISTING] https://www.visaovip.com/es/busca/categoria/fotografias/33-04 -> 25 URLs
[Visão mirror][LISTING] https://www.visaovip.com/es/busca/categoria/games/33-10 -> 94 URLs
[Visão mirror][LISTING] https://www.visaovip.com/es/busca/categoria/hogar-y-decoracion/33-08 -> 150 URLs
[Visão mirror][LISTING] https://www.visaovip.com/es/busca/categoria/monitoreo-y-seguridad/33-11 -> 143 URLs
[Visão mirror][LISTING] https://www.visaovip.com/es/busca/categoria/reloj-inteligente-y-accesorios/33-01 -> 122 URLs
[Visão mirror][LISTING] https://www.visaovip.com/es/busca/categoria/salud-y-belleza/33-06 -> 25 URLs
[Visão mirror][LISTING] https://www.visaovip.com/es/busca/categoria/tv-y-video/33-03 -> 141 URLs
[Visão mirror][LISTING] https://www.visaovip.com/es/busca/categoria/almacenamiento/21 -> 692 URLs
[Visão mirror][LISTING] https://www.visaovip.com/es/busca/categoria/apple/19 -> 84 URLs
[Visão mirror][LISTING] https://www.visaovip.com/es/busca/categoria/cartuchos-toners-y-cintas/29-02 -> 92 URLs
[Visão mirror][LISTING] https://www.visaovip.com/es/busca/categoria/celulares-y-tablets/32 -> 240 URLs
[Visão mirror][LISTING] https://www.visaovip.com/es/busca/categoria/cooler/25 -> 90 URLs
[Visão mirror][LISTING] https://www.visaovip.com/es/busca/categoria/electronicos/33 -> 1031 URLs
[Visão mirror][LISTING] https://www.visaovip.com/es/busca/categoria/escaner/29-03 -> 0 URLs
[Visão mirror][LISTING] https://www.visaovip.com/es/busca/categoria/fuente-de-alimentacion/26 -> 73 URLs
[Visão mirror][LISTING] https://www.visaovip.com/es/busca/categoria/gabinetes/28 -> 98 URLs
[Visão mirror][LISTING] https://www.visaovip.com/es/busca/categoria/impresoras/29-01 -> 64 URLs
[Visão mirror][LISTING] https://www.visaovip.com/es/busca/categoria/monitores/27 -> 91 URLs
[Visão mirror][LISTING] https://www.visaovip.com/es/busca/categoria/notebook-y-computadoras/20 -> 225 URLs
[Visão mirror][LISTING] https://www.visaovip.com/es/busca/categoria/perifericos/30 -> 906 URLs
[Visão mirror][LISTING] https://www.visaovip.com/es/busca/categoria/placas-madres/22 -> 280 URLs
[Visão mirror][LISTING] https://www.visaovip.com/es/busca/categoria/procesadores/24 -> 140 URLs
[Visão mirror][LISTING] https://www.visaovip.com/es/busca/categoria/red-y-internet/31 -> 288 URLs
[Visão mirror][LISTING] https://www.visaovip.com/es/busca/categoria/tarjetas-graficas/23 -> 139 URLs
[Visão mirror][LISTING] https://www.visaovip.com/es/busca/categoria/computadoras/20-02 -> 3 URLs
[Visão mirror][LISTING] https://www.visaovip.com/es/busca/categoria/fuente-cargador-y-baterias-para-notebook/20-07 -> 3 URLs
[Visão mirror][LISTING] https://www.visaovip.com/es/busca/categoria/impresoras-y-suministros/29 -> 156 URLs
[Visão mirror][LISTING] https://www.visaovip.com/es/busca/categoria/mini-pc/20-05 -> 35 URLs
[Visão mirror][LISTING] https://www.visaovip.com/es/busca/categoria/notebook/20-03 -> 147 URLs
[Visão mirror][LISTING] https://www.visaovip.com/es/busca/categoria/pc-montado/20-06 -> 36 URLs
[Visão mirror][LISTING] https://www.visaovip.com/es/busca/categoria/accesorios-gamer/30-01 -> 20 URLs
[Visão mirror][LISTING] https://www.visaovip.com/es/busca/categoria/anteojos-de-proteccion/30-23 -> 1 URLs
[Visão mirror][LISTING] https://www.visaovip.com/es/busca/categoria/auriculares-y-accesorios/30-05 -> 234 URLs
[Visão mirror][LISTING] https://www.visaovip.com/es/busca/categoria/cables-y-adaptadores/30-09 -> 148 URLs
[Visão mirror][LISTING] https://www.visaovip.com/es/busca/categoria/filtro-de-linea-y-extension/30-11 -> 21 URLs
[Visão mirror][LISTING] https://www.visaovip.com/es/busca/categoria/gravadores-y-lectores-cd-dvd-blu-ray/30-12 -> 1 URLs
[Visão mirror][LISTING] https://www.visaovip.com/es/busca/categoria/limpieza-y-mantenimiento/30-21 -> 12 URLs
[Visão mirror][LISTING] https://www.visaovip.com/es/busca/categoria/mesa-de-diseno/30-17 -> 0 URLs
[Visão mirror][LISTING] https://www.visaovip.com/es/busca/categoria/microfono/30-07 -> 21 URLs
[Visão mirror][LISTING] https://www.visaovip.com/es/busca/categoria/mochilas-fundas-y-maletas/30-10 -> 30 URLs
[Visão mirror][LISTING] https://www.visaovip.com/es/busca/categoria/mouse/30-03 -> 111 URLs
[Visão mirror][LISTING] https://www.visaovip.com/es/busca/categoria/mousepad-y-teclado-pad/30-04 -> 22 URLs
[Visão mirror][LISTING] https://www.visaovip.com/es/busca/categoria/nobreak-ups-y-estabilizadores/30-14 -> 48 URLs
[Visão mirror][LISTING] https://www.visaovip.com/es/busca/categoria/placa-captura-de-video/30-18 -> 3 URLs
[Visão mirror][LISTING] https://www.visaovip.com/es/busca/categoria/placa-de-sonido/30-20 -> 2 URLs
[Visão mirror][LISTING] https://www.visaovip.com/es/busca/categoria/placa-pci/30-19 -> 9 URLs
[Visão mirror][LISTING] https://www.visaovip.com/es/busca/categoria/proyectores-y-accesorios/30-15 -> 26 URLs
[Visão mirror][LISTING] https://www.visaovip.com/es/busca/categoria/servidores/30-16 -> 17 URLs
[Visão mirror][LISTING] https://www.visaovip.com/es/busca/categoria/soporte-para-monitores/30-13 -> 20 URLs
[Visão mirror][LISTING] https://www.visaovip.com/es/busca/categoria/teclados/30-02 -> 156 URLs
[Visão mirror][LISTING] https://www.visaovip.com/es/busca/categoria/webcam/30-06 -> 4 URLs
[Visão mirror][LISTING] https://www.visaovip.com/es/busca/categoria/mb-amd/22-02 -> 169 URLs
[Visão mirror][LISTING] https://www.visaovip.com/es/busca/categoria/mb-intel/22-01 -> 111 URLs
[Visão mirror][LISTING] https://www.visaovip.com/es/busca/categoria/cpu-amd/24-02 -> 40 URLs
[Visão mirror][LISTING] https://www.visaovip.com/es/busca/categoria/cpu-intel/24-01 -> 45 URLs
[Visão mirror][LISTING] https://www.visaovip.com/es/busca/categoria/cpu-oem/24-03 -> 55 URLs
[Visão mirror][LISTING] https://www.visaovip.com/es/busca/categoria/adaptadores-wifi-y-bluetooth/31-02 -> 29 URLs
[Visão mirror][LISTING] https://www.visaovip.com/es/busca/categoria/alicate-y-decapitador/31-05 -> 0 URLs
[Visão mirror][LISTING] https://www.visaovip.com/es/busca/categoria/cables-de-red-y-conectores/31-03 -> 17 URLs
[Visão mirror][LISTING] https://www.visaovip.com/es/busca/categoria/hub/31-04 -> 101 URLs
[Visão mirror][LISTING] https://www.visaovip.com/es/busca/categoria/router-y-repetidor/31-01 -> 141 URLs
[Visão mirror][LISTING] https://www.visaovip.com/es/busca/categoria/vga-intel/23-03 -> 0 URLs
[Visão mirror][LISTING] https://www.visaovip.com/es/busca/categoria/vga-nvidia/23-01 -> 104 URLs
[Visão mirror][LISTING] https://www.visaovip.com/es/busca/categoria/vga-radeon/23-02 -> 35 URLs
[Visão mirror][LISTING] https://www.visaovip.com/es/busca/categoria/memorias/21-01 -> 359 URLs
[Visão mirror] URLs únicas de producto (PDP): 4533
