[visao-purge] Inicio 2026-05-06T03:47:23.100Z
[visao-purge] Borrando productos…
[visao-purge] Productos eliminados: 4206
[visao-purge] Borrando categorías…
[visao-purge] Categorías eliminadas: 12
[visao-purge] Iniciando sync espejo completo… {
  maxListings: null,
  singlePageListing: false,
  maxProductUrls: null,
  detailConcurrency: 2,
  listingConcurrency: 1
}
[Visão mirror] Iniciando scrape espejo (puede tardar mucho)...
[Visão mirror] Lanzando Chromium (Puppeteer). La primera ejecución puede tardar más si descarga el navegador.
[Visão mirror] Fase menú: recorriendo el sitio (collectMenuHierarchy). Puede ir varios minutos sin más líneas; es normal.
[Visão mirror] Fase menú terminada: 112 filas brutas.
[Visão mirror] Filas de menú / listados: 112
[Visão mirror][LISTING] https://www.visaovip.com/es/busca/categoria/accesorios/19-14 -> 9 URLs
[Visão mirror][LISTING] https://www.visaovip.com/es/busca/categoria/accesorios-gamer/30-01 -> 19 URLs
[Visão mirror][LISTING] https://www.visaovip.com/es/busca/categoria/accesorios-para-celulares/32-04 -> 18 URLs
[Visão mirror][LISTING] https://www.visaovip.com/es/busca/categoria/accesorios-para-cooler/25-06 -> 6 URLs
[Visão mirror][LISTING] https://www.visaovip.com/es/busca/categoria/accesorios-para-hdssd/21-05 -> 13 URLs
[Visão mirror][LISTING] https://www.visaovip.com/es/busca/categoria/adaptadores-wifi-y-bluetooth/31-02 -> 28 URLs
[Visão mirror][LISTING] https://www.visaovip.com/es/busca/categoria/alicate-y-decapitador/31-05 -> 0 URLs
[Visão mirror][LISTING_RETRY] intento 1/3 falló en /es/busca/categoria/almacenamiento/21: Protocol error (Page.navigate): Cannot navigate to invalid URL
[Visão mirror] Reiniciando Chromium (holder mutable)…
[Visão mirror][LISTING_RETRY] intento 2/3 falló en /es/busca/categoria/almacenamiento/21: Protocol error (Page.navigate): Cannot navigate to invalid URL
[Visão mirror] Reiniciando Chromium (holder mutable)…
[Visão mirror][LISTING_RETRY] intento 3/3 falló en /es/busca/categoria/almacenamiento/21: Protocol error (Page.navigate): Cannot navigate to invalid URL
[Visão mirror] Reiniciando Chromium (holder mutable)…
[Visão mirror][LISTING_SKIP] listado omitido tras 3 intentos: /es/busca/categoria/almacenamiento/21 | motivo=Protocol error (Page.navigate): Cannot navigate to invalid URL
[Visão mirror][LISTING] /es/busca/categoria/almacenamiento/21 -> 0 URLs
[Visão mirror][LISTING] https://www.visaovip.com/es/busca/categoria/almacenamiento/21 -> 695 URLs
[Visão mirror][LISTING] https://www.visaovip.com/es/busca/categoria/anteojos-de-proteccion/30-23 -> 0 URLs
[Visão mirror][LISTING_RETRY] intento 1/3 falló en /es/busca/categoria/apple/19: Protocol error (Page.navigate): Cannot navigate to invalid URL
[Visão mirror] Reiniciando Chromium (holder mutable)…
[Visão mirror][LISTING_RETRY] intento 2/3 falló en /es/busca/categoria/apple/19: Protocol error (Page.navigate): Cannot navigate to invalid URL
[Visão mirror] Reiniciando Chromium (holder mutable)…
[Visão mirror][LISTING_RETRY] intento 3/3 falló en /es/busca/categoria/apple/19: Protocol error (Page.navigate): Cannot navigate to invalid URL
[Visão mirror] Reiniciando Chromium (holder mutable)…
[Visão mirror][LISTING_SKIP] listado omitido tras 3 intentos: /es/busca/categoria/apple/19 | motivo=Protocol error (Page.navigate): Cannot navigate to invalid URL
[Visão mirror][LISTING] /es/busca/categoria/apple/19 -> 0 URLs
[Visão mirror][LISTING] https://www.visaovip.com/es/busca/categoria/apple/19 -> 85 URLs
[Visão mirror][LISTING] https://www.visaovip.com/es/busca/categoria/audio/33-02 -> 152 URLs
[Visão mirror][LISTING] https://www.visaovip.com/es/busca/categoria/auriculares-y-accesorios/30-05 -> 235 URLs
[Visão mirror][LISTING] https://www.visaovip.com/es/busca/categoria/automatizacion-comercial/33-12 -> 49 URLs
[Visão mirror][LISTING] https://www.visaovip.com/es/busca/categoria/automotivos/33-09 -> 17 URLs
[Visão mirror][LISTING] https://www.visaovip.com/es/busca/categoria/cables-de-red-y-conectores/31-03 -> 18 URLs
[Visão mirror][LISTING] https://www.visaovip.com/es/busca/categoria/cables-y-adaptadores/30-09 -> 149 URLs
[Visão mirror][LISTING] https://www.visaovip.com/es/busca/categoria/cartuchos-toners-y-cintas/29-02 -> 82 URLs
[Visão mirror][LISTING] https://www.visaovip.com/es/busca/categoria/celulares/32-01 -> 126 URLs
[Visão mirror][LISTING_RETRY] intento 1/3 falló en /es/busca/categoria/celulares-y-tablets/32: Protocol error (Page.navigate): Cannot navigate to invalid URL
[Visão mirror] Reiniciando Chromium (holder mutable)…
[Visão mirror][LISTING_RETRY] intento 2/3 falló en /es/busca/categoria/celulares-y-tablets/32: Protocol error (Page.navigate): Cannot navigate to invalid URL
[Visão mirror] Reiniciando Chromium (holder mutable)…
[Visão mirror][LISTING_RETRY] intento 3/3 falló en /es/busca/categoria/celulares-y-tablets/32: Protocol error (Page.navigate): Cannot navigate to invalid URL
[Visão mirror] Reiniciando Chromium (holder mutable)…
[Visão mirror][LISTING_SKIP] listado omitido tras 3 intentos: /es/busca/categoria/celulares-y-tablets/32 | motivo=Protocol error (Page.navigate): Cannot navigate to invalid URL
[Visão mirror][LISTING] /es/busca/categoria/celulares-y-tablets/32 -> 0 URLs
[Visão mirror][LISTING] https://www.visaovip.com/es/busca/categoria/celulares-y-tablets/32 -> 211 URLs
[Visão mirror][LISTING] https://www.visaovip.com/es/busca/categoria/computadoras/20-02 -> 3 URLs
[Visão mirror][LISTING_RETRY] intento 1/3 falló en /es/busca/categoria/cooler/25: Protocol error (Page.navigate): Cannot navigate to invalid URL
[Visão mirror] Reiniciando Chromium (holder mutable)…
[Visão mirror][LISTING_RETRY] intento 2/3 falló en /es/busca/categoria/cooler/25: Protocol error (Page.navigate): Cannot navigate to invalid URL
[Visão mirror] Reiniciando Chromium (holder mutable)…
[Visão mirror][LISTING_RETRY] intento 3/3 falló en /es/busca/categoria/cooler/25: Protocol error (Page.navigate): Cannot navigate to invalid URL
[Visão mirror] Reiniciando Chromium (holder mutable)…
[Visão mirror][LISTING_SKIP] listado omitido tras 3 intentos: /es/busca/categoria/cooler/25 | motivo=Protocol error (Page.navigate): Cannot navigate to invalid URL
[Visão mirror][LISTING] /es/busca/categoria/cooler/25 -> 0 URLs
[Visão mirror][LISTING] https://www.visaovip.com/es/busca/categoria/cooler/25 -> 87 URLs
[Visão mirror][LISTING] https://www.visaovip.com/es/busca/categoria/cooler-para-cpu/25-02 -> 13 URLs
[Visão mirror][LISTING] https://www.visaovip.com/es/busca/categoria/cooler-para-gabinete/25-04 -> 18 URLs
[Visão mirror][LISTING] https://www.visaovip.com/es/busca/categoria/cooler-para-notebook/25-05 -> 13 URLs
[Visão mirror][LISTING] https://www.visaovip.com/es/busca/categoria/cpu-amd/24-02 -> 37 URLs
[Visão mirror][LISTING] https://www.visaovip.com/es/busca/categoria/cpu-intel/24-01 -> 46 URLs
[Visão mirror][LISTING] https://www.visaovip.com/es/busca/categoria/cpu-oem/24-03 -> 60 URLs
[Visão mirror][LISTING] https://www.visaovip.com/es/busca/categoria/deporte-y-actividad/33-07 -> 22 URLs
[Visão mirror][LISTING_RETRY] intento 1/3 falló en /es/busca/categoria/electronicos/33: Protocol error (Page.navigate): Cannot navigate to invalid URL
[Visão mirror] Reiniciando Chromium (holder mutable)…
[Visão mirror][LISTING_RETRY] intento 2/3 falló en /es/busca/categoria/electronicos/33: Protocol error (Page.navigate): Cannot navigate to invalid URL
[Visão mirror] Reiniciando Chromium (holder mutable)…
[Visão mirror][LISTING_RETRY] intento 3/3 falló en /es/busca/categoria/electronicos/33: Protocol error (Page.navigate): Cannot navigate to invalid URL
[Visão mirror] Reiniciando Chromium (holder mutable)…
[Visão mirror][LISTING_SKIP] listado omitido tras 3 intentos: /es/busca/categoria/electronicos/33 | motivo=Protocol error (Page.navigate): Cannot navigate to invalid URL
[Visão mirror][LISTING] /es/busca/categoria/electronicos/33 -> 0 URLs
[Visão mirror][LISTING] https://www.visaovip.com/es/busca/categoria/electronicos/33 -> 1032 URLs
[Visão mirror][LISTING] https://www.visaovip.com/es/busca/categoria/energia/33-05 -> 86 URLs
[Visão mirror][LISTING] https://www.visaovip.com/es/busca/categoria/escaner/29-03 -> 0 URLs
[Visão mirror][LISTING] https://www.visaovip.com/es/busca/categoria/filtro-de-linea-y-extension/30-11 -> 20 URLs
[Visão mirror][LISTING] https://www.visaovip.com/es/busca/categoria/fotografias/33-04 -> 25 URLs
[Visão mirror][LISTING] https://www.visaovip.com/es/busca/categoria/fuente-cargador-y-baterias-para-notebook/20-07 -> 3 URLs
[Visão mirror][LISTING_RETRY] intento 1/3 falló en /es/busca/categoria/fuente-de-alimentacion/26: Protocol error (Page.navigate): Cannot navigate to invalid URL
[Visão mirror] Reiniciando Chromium (holder mutable)…
[Visão mirror][LISTING_RETRY] intento 2/3 falló en /es/busca/categoria/fuente-de-alimentacion/26: Protocol error (Page.navigate): Cannot navigate to invalid URL
[Visão mirror] Reiniciando Chromium (holder mutable)…
[Visão mirror][LISTING_RETRY] intento 3/3 falló en /es/busca/categoria/fuente-de-alimentacion/26: Protocol error (Page.navigate): Cannot navigate to invalid URL
[Visão mirror] Reiniciando Chromium (holder mutable)…
[Visão mirror][LISTING_SKIP] listado omitido tras 3 intentos: /es/busca/categoria/fuente-de-alimentacion/26 | motivo=Protocol error (Page.navigate): Cannot navigate to invalid URL
[Visão mirror][LISTING] /es/busca/categoria/fuente-de-alimentacion/26 -> 0 URLs
[Visão mirror][LISTING] https://www.visaovip.com/es/busca/categoria/fuente-de-alimentacion/26 -> 75 URLs
[Visão mirror][LISTING_RETRY] intento 1/3 falló en /es/busca/categoria/gabinetes/28: Protocol error (Page.navigate): Cannot navigate to invalid URL
[Visão mirror] Reiniciando Chromium (holder mutable)…
[Visão mirror][LISTING_RETRY] intento 2/3 falló en /es/busca/categoria/gabinetes/28: Protocol error (Page.navigate): Cannot navigate to invalid URL
[Visão mirror] Reiniciando Chromium (holder mutable)…
[Visão mirror][LISTING_RETRY] intento 3/3 falló en /es/busca/categoria/gabinetes/28: Protocol error (Page.navigate): Cannot navigate to invalid URL
[Visão mirror] Reiniciando Chromium (holder mutable)…
[Visão mirror][LISTING_SKIP] listado omitido tras 3 intentos: /es/busca/categoria/gabinetes/28 | motivo=Protocol error (Page.navigate): Cannot navigate to invalid URL
[Visão mirror][LISTING] /es/busca/categoria/gabinetes/28 -> 0 URLs
[Visão mirror][LISTING] https://www.visaovip.com/es/busca/categoria/gabinetes/28 -> 94 URLs
[Visão mirror][LISTING] https://www.visaovip.com/es/busca/categoria/games/33-10 -> 89 URLs
[Visão mirror][LISTING] https://www.visaovip.com/es/busca/categoria/gravadores-y-lectores-cd-dvd-blu-ray/30-12 -> 1 URLs
[Visão mirror][LISTING] https://www.visaovip.com/es/busca/categoria/hd/21-02 -> 104 URLs
[Visão mirror][LISTING] https://www.visaovip.com/es/busca/categoria/headset/19-10 -> 3 URLs
[Visão mirror][LISTING] https://www.visaovip.com/es/busca/categoria/hogar-y-decoracion/33-08 -> 145 URLs
[Visão mirror][LISTING] https://www.visaovip.com/es/busca/categoria/hub/31-04 -> 98 URLs
[Visão mirror][LISTING] https://www.visaovip.com/es/busca/categoria/imac/19-01 -> 0 URLs
[Visão mirror][LISTING] https://www.visaovip.com/es/busca/categoria/impresoras/29-01 -> 64 URLs
[Visão mirror][LISTING_RETRY] intento 1/3 falló en /es/busca/categoria/impresoras-y-suministros/29: Protocol error (Page.navigate): Cannot navigate to invalid URL
[Visão mirror] Reiniciando Chromium (holder mutable)…
[Visão mirror][LISTING_RETRY] intento 2/3 falló en /es/busca/categoria/impresoras-y-suministros/29: Protocol error (Page.navigate): Cannot navigate to invalid URL
[Visão mirror] Reiniciando Chromium (holder mutable)…
[Visão mirror][LISTING_RETRY] intento 3/3 falló en /es/busca/categoria/impresoras-y-suministros/29: Protocol error (Page.navigate): Cannot navigate to invalid URL
[Visão mirror] Reiniciando Chromium (holder mutable)…
[Visão mirror][LISTING_SKIP] listado omitido tras 3 intentos: /es/busca/categoria/impresoras-y-suministros/29 | motivo=Protocol error (Page.navigate): Cannot navigate to invalid URL
[Visão mirror][LISTING] /es/busca/categoria/impresoras-y-suministros/29 -> 0 URLs
[Visão mirror][LISTING] https://www.visaovip.com/es/busca/categoria/impresoras-y-suministros/29 -> 146 URLs
[Visão mirror][LISTING] https://www.visaovip.com/es/busca/categoria/ipad/19-05 -> 8 URLs
[Visão mirror][LISTING] https://www.visaovip.com/es/busca/categoria/iphone/19-04 -> 38 URLs
[Visão mirror][LISTING] https://www.visaovip.com/es/busca/categoria/limpieza-y-mantenimiento/30-21 -> 12 URLs
[Visão mirror][LISTING] https://www.visaovip.com/es/busca/categoria/macbook/19-02 -> 15 URLs
[Visão mirror][LISTING] https://www.visaovip.com/es/busca/categoria/mb-amd/22-02 -> 174 URLs
[Visão mirror][LISTING] https://www.visaovip.com/es/busca/categoria/mb-intel/22-01 -> 106 URLs
[Visão mirror][LISTING] https://www.visaovip.com/es/busca/categoria/memorias/21-01 -> 355 URLs
[Visão mirror][LISTING] https://www.visaovip.com/es/busca/categoria/mesa-de-diseno/30-17 -> 0 URLs
[Visão mirror][LISTING] https://www.visaovip.com/es/busca/categoria/microfono/30-07 -> 21 URLs
[Visão mirror][LISTING] https://www.visaovip.com/es/busca/categoria/mini-pc/19-03 -> 1 URLs
[Visão mirror][LISTING] https://www.visaovip.com/es/busca/categoria/mini-pc/20-05 -> 31 URLs
[Visão mirror][LISTING] https://www.visaovip.com/es/busca/categoria/mochilas-fundas-y-maletas/30-10 -> 30 URLs
[Visão mirror][LISTING] https://www.visaovip.com/es/busca/categoria/monitor/19-07 -> 1 URLs
[Visão mirror][LISTING] https://www.visaovip.com/es/busca/categoria/monitoreo-y-seguridad/33-11 -> 150 URLs
[Visão mirror][LISTING_RETRY] intento 1/3 falló en /es/busca/categoria/monitores/27: Protocol error (Page.navigate): Cannot navigate to invalid URL
[Visão mirror] Reiniciando Chromium (holder mutable)…
[Visão mirror][LISTING_RETRY] intento 2/3 falló en /es/busca/categoria/monitores/27: Protocol error (Page.navigate): Cannot navigate to invalid URL
[Visão mirror] Reiniciando Chromium (holder mutable)…
[Visão mirror][LISTING_RETRY] intento 3/3 falló en /es/busca/categoria/monitores/27: Protocol error (Page.navigate): Cannot navigate to invalid URL
[Visão mirror] Reiniciando Chromium (holder mutable)…
[Visão mirror][LISTING_SKIP] listado omitido tras 3 intentos: /es/busca/categoria/monitores/27 | motivo=Protocol error (Page.navigate): Cannot navigate to invalid URL
[Visão mirror][LISTING] /es/busca/categoria/monitores/27 -> 0 URLs
[Visão mirror][LISTING] https://www.visaovip.com/es/busca/categoria/monitores/27 -> 92 URLs
[Visão mirror][LISTING] https://www.visaovip.com/es/busca/categoria/mouse/30-03 -> 112 URLs
[Visão mirror][LISTING] https://www.visaovip.com/es/busca/categoria/mouse-y-mousepad/19-08 -> 0 URLs
[Visão mirror][LISTING] https://www.visaovip.com/es/busca/categoria/mousepad-y-teclado-pad/30-04 -> 25 URLs
[Visão mirror][LISTING] https://www.visaovip.com/es/busca/categoria/nobreak-ups-y-estabilizadores/30-14 -> 47 URLs
[Visão mirror][LISTING] https://www.visaovip.com/es/busca/categoria/notebook/20-03 -> 137 URLs
[Visão mirror][LISTING_RETRY] intento 1/3 falló en /es/busca/categoria/notebook-y-computadoras/20: Protocol error (Page.navigate): Cannot navigate to invalid URL
[Visão mirror] Reiniciando Chromium (holder mutable)…
[Visão mirror][LISTING_RETRY] intento 2/3 falló en /es/busca/categoria/notebook-y-computadoras/20: Protocol error (Page.navigate): Cannot navigate to invalid URL
[Visão mirror] Reiniciando Chromium (holder mutable)…
[Visão mirror][LISTING_RETRY] intento 3/3 falló en /es/busca/categoria/notebook-y-computadoras/20: Protocol error (Page.navigate): Cannot navigate to invalid URL
[Visão mirror] Reiniciando Chromium (holder mutable)…
[Visão mirror][LISTING_SKIP] listado omitido tras 3 intentos: /es/busca/categoria/notebook-y-computadoras/20 | motivo=Protocol error (Page.navigate): Cannot navigate to invalid URL
[Visão mirror][LISTING] /es/busca/categoria/notebook-y-computadoras/20 -> 0 URLs
[Visão mirror][LISTING] https://www.visaovip.com/es/busca/categoria/notebook-y-computadoras/20 -> 209 URLs
[Visão mirror][LISTING] https://www.visaovip.com/es/busca/categoria/pc-montado/20-06 -> 34 URLs
[Visão mirror][LISTING] https://www.visaovip.com/es/busca/categoria/pendrive/21-04 -> 51 URLs
[Visão mirror][LISTING_RETRY] intento 1/3 falló en /es/busca/categoria/perifericos/30: Protocol error (Page.navigate): Cannot navigate to invalid URL
[Visão mirror] Reiniciando Chromium (holder mutable)…
[Visão mirror][LISTING_RETRY] intento 2/3 falló en /es/busca/categoria/perifericos/30: Protocol error (Page.navigate): Cannot navigate to invalid URL
[Visão mirror] Reiniciando Chromium (holder mutable)…
[Visão mirror][LISTING_RETRY] intento 3/3 falló en /es/busca/categoria/perifericos/30: Protocol error (Page.navigate): Cannot navigate to invalid URL
[Visão mirror] Reiniciando Chromium (holder mutable)…
[Visão mirror][LISTING_SKIP] listado omitido tras 3 intentos: /es/busca/categoria/perifericos/30 | motivo=Protocol error (Page.navigate): Cannot navigate to invalid URL
[Visão mirror][LISTING] /es/busca/categoria/perifericos/30 -> 0 URLs
[Visão mirror][LISTING] https://www.visaovip.com/es/busca/categoria/perifericos/30 -> 909 URLs
[Visão mirror][LISTING] https://www.visaovip.com/es/busca/categoria/placa-captura-de-video/30-18 -> 2 URLs
[Visão mirror][LISTING] https://www.visaovip.com/es/busca/categoria/placa-de-sonido/30-20 -> 2 URLs
[Visão mirror][LISTING] https://www.visaovip.com/es/busca/categoria/placa-pci/30-19 -> 8 URLs
[Visão mirror][LISTING_RETRY] intento 1/3 falló en /es/busca/categoria/placas-madres/22: Protocol error (Page.navigate): Cannot navigate to invalid URL
[Visão mirror] Reiniciando Chromium (holder mutable)…
[Visão mirror][LISTING_RETRY] intento 2/3 falló en /es/busca/categoria/placas-madres/22: Protocol error (Page.navigate): Cannot navigate to invalid URL
[Visão mirror] Reiniciando Chromium (holder mutable)…
[Visão mirror][LISTING_RETRY] intento 3/3 falló en /es/busca/categoria/placas-madres/22: Protocol error (Page.navigate): Cannot navigate to invalid URL
[Visão mirror] Reiniciando Chromium (holder mutable)…
[Visão mirror][LISTING_SKIP] listado omitido tras 3 intentos: /es/busca/categoria/placas-madres/22 | motivo=Protocol error (Page.navigate): Cannot navigate to invalid URL
[Visão mirror][LISTING] /es/busca/categoria/placas-madres/22 -> 0 URLs
[Visão mirror][LISTING] https://www.visaovip.com/es/busca/categoria/placas-madres/22 -> 280 URLs
[Visão mirror][LISTING_RETRY] intento 1/3 falló en /es/busca/categoria/procesadores/24: Protocol error (Page.navigate): Cannot navigate to invalid URL
[Visão mirror] Reiniciando Chromium (holder mutable)…
[Visão mirror][LISTING_RETRY] intento 2/3 falló en /es/busca/categoria/procesadores/24: Protocol error (Page.navigate): Cannot navigate to invalid URL
[Visão mirror] Reiniciando Chromium (holder mutable)…
[Visão mirror][LISTING_RETRY] intento 3/3 falló en /es/busca/categoria/procesadores/24: Protocol error (Page.navigate): Cannot navigate to invalid URL
[Visão mirror] Reiniciando Chromium (holder mutable)…
[Visão mirror][LISTING_SKIP] listado omitido tras 3 intentos: /es/busca/categoria/procesadores/24 | motivo=Protocol error (Page.navigate): Cannot navigate to invalid URL
[Visão mirror][LISTING] /es/busca/categoria/procesadores/24 -> 0 URLs
[Visão mirror][LISTING] https://www.visaovip.com/es/busca/categoria/procesadores/24 -> 143 URLs
[Visão mirror][LISTING] https://www.visaovip.com/es/busca/categoria/proyectores-y-accesorios/30-15 -> 27 URLs
[Visão mirror][LISTING] https://www.visaovip.com/es/busca/categoria/rastreador-y-gps/19-13 -> 2 URLs
[Visão mirror][LISTING_RETRY] intento 1/3 falló en /es/busca/categoria/red-y-internet/31: Protocol error (Page.navigate): Cannot navigate to invalid URL
[Visão mirror] Reiniciando Chromium (holder mutable)…
[Visão mirror][LISTING_RETRY] intento 2/3 falló en /es/busca/categoria/red-y-internet/31: Protocol error (Page.navigate): Cannot navigate to invalid URL
[Visão mirror] Reiniciando Chromium (holder mutable)…
[Visão mirror][LISTING_RETRY] intento 3/3 falló en /es/busca/categoria/red-y-internet/31: Protocol error (Page.navigate): Cannot navigate to invalid URL
[Visão mirror] Reiniciando Chromium (holder mutable)…
[Visão mirror][LISTING_SKIP] listado omitido tras 3 intentos: /es/busca/categoria/red-y-internet/31 | motivo=Protocol error (Page.navigate): Cannot navigate to invalid URL
[Visão mirror][LISTING] /es/busca/categoria/red-y-internet/31 -> 0 URLs
[Visão mirror][LISTING] https://www.visaovip.com/es/busca/categoria/red-y-internet/31 -> 283 URLs
[Visão mirror][LISTING] https://www.visaovip.com/es/busca/categoria/reloj-inteligente-y-accesorios/33-01 -> 134 URLs
[Visão mirror][LISTING] https://www.visaovip.com/es/busca/categoria/router-y-repetidor/31-01 -> 139 URLs
[Visão mirror][LISTING] https://www.visaovip.com/es/busca/categoria/salud-y-belleza/33-06 -> 26 URLs
[Visão mirror][LISTING] https://www.visaovip.com/es/busca/categoria/servidores/30-16 -> 18 URLs
[Visão mirror][LISTING] https://www.visaovip.com/es/busca/categoria/smartwatch/19-06 -> 5 URLs
[Visão mirror][LISTING] https://www.visaovip.com/es/busca/categoria/soporte-para-monitores/30-13 -> 19 URLs
[Visão mirror][LISTING] https://www.visaovip.com/es/busca/categoria/speaker-y-micro-system/19-12 -> 0 URLs
[Visão mirror][LISTING] https://www.visaovip.com/es/busca/categoria/ssd/21-03 -> 172 URLs
[Visão mirror][LISTING] https://www.visaovip.com/es/busca/categoria/streaming-de-medios/19-11 -> 0 URLs
[Visão mirror][LISTING] https://www.visaovip.com/es/busca/categoria/tablets/32-02 -> 58 URLs
[Visão mirror][LISTING_RETRY] intento 1/3 falló en /es/busca/categoria/tarjetas-graficas/23: Protocol error (Page.navigate): Cannot navigate to invalid URL
[Visão mirror] Reiniciando Chromium (holder mutable)…
[Visão mirror][LISTING_RETRY] intento 2/3 falló en /es/busca/categoria/tarjetas-graficas/23: Protocol error (Page.navigate): Cannot navigate to invalid URL
[Visão mirror] Reiniciando Chromium (holder mutable)…
[Visão mirror][LISTING_RETRY] intento 3/3 falló en /es/busca/categoria/tarjetas-graficas/23: Protocol error (Page.navigate): Cannot navigate to invalid URL
[Visão mirror] Reiniciando Chromium (holder mutable)…
[Visão mirror][LISTING_SKIP] listado omitido tras 3 intentos: /es/busca/categoria/tarjetas-graficas/23 | motivo=Protocol error (Page.navigate): Cannot navigate to invalid URL
[Visão mirror][LISTING] /es/busca/categoria/tarjetas-graficas/23 -> 0 URLs
[Visão mirror][LISTING] https://www.visaovip.com/es/busca/categoria/tarjetas-graficas/23 -> 142 URLs
[Visão mirror][LISTING] https://www.visaovip.com/es/busca/categoria/teclado/19-09 -> 3 URLs
[Visão mirror][LISTING] https://www.visaovip.com/es/busca/categoria/teclados/30-02 -> 160 URLs
[Visão mirror][LISTING] https://www.visaovip.com/es/busca/categoria/telefonos/32-03 -> 9 URLs
[Visão mirror][LISTING] https://www.visaovip.com/es/busca/categoria/tv-y-video/33-03 -> 137 URLs
[Visão mirror][LISTING] https://www.visaovip.com/es/busca/categoria/vga-intel/23-03 -> 0 URLs
[Visão mirror][LISTING] https://www.visaovip.com/es/busca/categoria/vga-nvidia/23-01 -> 109 URLs
[Visão mirror][LISTING] https://www.visaovip.com/es/busca/categoria/vga-radeon/23-02 -> 33 URLs
[Visão mirror][LISTING] https://www.visaovip.com/es/busca/categoria/water-cooler/25-01 -> 37 URLs
[Visão mirror][LISTING] https://www.visaovip.com/es/busca/categoria/webcam/30-06 -> 2 URLs
[Visão mirror] URLs únicas de producto (PDP): 4483
[Visão mirror][PDP] Inicio scrape de 4483 PDP (workers=2, log cada 20 completados)…
[Visão mirror][PDP] Nueva sesión PDP (bootstrap) gen=0
[Visão mirror][PDP] Nueva sesión PDP (bootstrap) gen=0
[Visão mirror][PDP] 1/4483 PDP scrapeados…
[Visão mirror][PDP] 20/4483 PDP scrapeados…
[Visão mirror][PDP] 40/4483 PDP scrapeados…
[Visão mirror][PDP] 60/4483 PDP scrapeados…
[Visão mirror][PDP] 80/4483 PDP scrapeados…
[Visão mirror][PDP] 100/4483 PDP scrapeados…
[Visão mirror][PDP] 120/4483 PDP scrapeados…
[Visão mirror][PDP] 140/4483 PDP scrapeados…
[Visão mirror][PDP] 160/4483 PDP scrapeados…
[Visão mirror][PDP] 180/4483 PDP scrapeados…
[Visão mirror][PDP] 200/4483 PDP scrapeados…
[Visão mirror][PDP] 220/4483 PDP scrapeados…
[Visão mirror][PDP] 240/4483 PDP scrapeados…
[Visão mirror][PDP] 260/4483 PDP scrapeados…
[Visão mirror][PDP] Nueva sesión PDP (sin_gen) gen=0
[Visão mirror][PDP] 280/4483 PDP scrapeados…
[Visão mirror][PDP] Nueva sesión PDP (sin_gen) gen=0
[Visão mirror][PDP] 300/4483 PDP scrapeados…
[Visão mirror][PDP] 320/4483 PDP scrapeados…
[Visão mirror][PDP] 340/4483 PDP scrapeados…
[Visão mirror][PDP] 360/4483 PDP scrapeados…
[Visão mirror][PDP] 380/4483 PDP scrapeados…
[Visão mirror][PDP] 400/4483 PDP scrapeados…
[Visão mirror][PDP] 420/4483 PDP scrapeados…
[Visão mirror][PDP] 440/4483 PDP scrapeados…
[Visão mirror][PDP] 460/4483 PDP scrapeados…
[Visão mirror][PDP] 480/4483 PDP scrapeados…
[Visão mirror][PDP] 500/4483 PDP scrapeados…
[Visão mirror][PDP] 520/4483 PDP scrapeados…
[Visão mirror][PDP] 540/4483 PDP scrapeados…
[Visão mirror][PDP] Nueva sesión PDP (sin_gen) gen=0
[Visão mirror][PDP] 560/4483 PDP scrapeados…
[Visão mirror][PDP] Nueva sesión PDP (sin_gen) gen=0
[Visão mirror][PDP] 580/4483 PDP scrapeados…
[Visão mirror][PDP] 600/4483 PDP scrapeados…
[Visão mirror][PDP] 620/4483 PDP scrapeados…
[Visão mirror][PDP] 640/4483 PDP scrapeados…
[Visão mirror][PDP] 660/4483 PDP scrapeados…
[Visão mirror][PDP] 680/4483 PDP scrapeados…
[Visão mirror][PDP] 700/4483 PDP scrapeados…
[Visão mirror][PDP] 720/4483 PDP scrapeados…
[Visão mirror][PDP] 740/4483 PDP scrapeados…
[Visão mirror][PDP] 760/4483 PDP scrapeados…
[Visão mirror][PDP] 780/4483 PDP scrapeados…
[Visão mirror][PDP] 800/4483 PDP scrapeados…
[Visão mirror][PDP] 820/4483 PDP scrapeados…
[Visão mirror][PDP] Nueva sesión PDP (sin_gen) gen=0
[Visão mirror][PDP] 840/4483 PDP scrapeados…
[Visão mirror][PDP] Nueva sesión PDP (sin_gen) gen=0
[Visão mirror][PDP] 860/4483 PDP scrapeados…
[Visão mirror][PDP] 880/4483 PDP scrapeados…
[Visão mirror][PDP] 900/4483 PDP scrapeados…
[Visão mirror][PDP] 920/4483 PDP scrapeados…
[Visão mirror][PDP] 940/4483 PDP scrapeados…
[Visão mirror][PDP] 960/4483 PDP scrapeados…
[Visão mirror][PDP] 980/4483 PDP scrapeados…
[Visão mirror][PDP] 1000/4483 PDP scrapeados…
[Visão mirror][PDP] 1020/4483 PDP scrapeados…
[Visão mirror][PDP] 1040/4483 PDP scrapeados…
[Visão mirror][PDP] 1060/4483 PDP scrapeados…
[Visão mirror][PDP] 1080/4483 PDP scrapeados…
[Visão mirror][PDP] 1100/4483 PDP scrapeados…
[Visão mirror][PDP] Nueva sesión PDP (sin_gen) gen=0
[Visão mirror][PDP] 1120/4483 PDP scrapeados…
[Visão mirror][PDP] Nueva sesión PDP (sin_gen) gen=0
[Visão mirror][PDP] 1140/4483 PDP scrapeados…
[Visão mirror][PDP] 1160/4483 PDP scrapeados…
[Visão mirror][PDP] 1180/4483 PDP scrapeados…
[Visão mirror][PDP] 1200/4483 PDP scrapeados…
[Visão mirror][PDP] 1220/4483 PDP scrapeados…
[Visão mirror][PDP] 1240/4483 PDP scrapeados…
[Visão mirror][PDP] 1260/4483 PDP scrapeados…
[Visão mirror][PDP] 1280/4483 PDP scrapeados…
[Visão mirror][PDP] 1300/4483 PDP scrapeados…
[Visão mirror][PDP] 1320/4483 PDP scrapeados…
[Visão mirror][PDP] 1340/4483 PDP scrapeados…
[Visão mirror][PDP] 1360/4483 PDP scrapeados…
[Visão mirror][PDP] 1380/4483 PDP scrapeados…
[Visão mirror][PDP] Nueva sesión PDP (sin_gen) gen=0
[Visão mirror][PDP] 1400/4483 PDP scrapeados…
[Visão mirror][PDP] Nueva sesión PDP (sin_gen) gen=0
[Visão mirror][PDP] 1420/4483 PDP scrapeados…
[Visão mirror][PDP] 1440/4483 PDP scrapeados…
[Visão mirror][PDP] 1460/4483 PDP scrapeados…
[Visão mirror][PDP] 1480/4483 PDP scrapeados…
[Visão mirror][PDP] 1500/4483 PDP scrapeados…
[Visão mirror][PDP] 1520/4483 PDP scrapeados…
[Visão mirror][PDP] 1540/4483 PDP scrapeados…
[Visão mirror][PDP] 1560/4483 PDP scrapeados…
[Visão mirror][PDP] 1580/4483 PDP scrapeados…
[Visão mirror][PDP] 1600/4483 PDP scrapeados…
[Visão mirror][PDP] 1620/4483 PDP scrapeados…
[Visão mirror][PDP] 1640/4483 PDP scrapeados…
[Visão mirror][PDP] 1660/4483 PDP scrapeados…
[Visão mirror][PDP] Nueva sesión PDP (sin_gen) gen=0
[Visão mirror][PDP] 1680/4483 PDP scrapeados…
[Visão mirror][PDP] Nueva sesión PDP (sin_gen) gen=0
[Visão mirror][PDP] 1700/4483 PDP scrapeados…
[Visão mirror][PDP] 1720/4483 PDP scrapeados…
[Visão mirror][PDP] 1740/4483 PDP scrapeados…
[Visão mirror][PDP] 1760/4483 PDP scrapeados…
[Visão mirror][PDP] 1780/4483 PDP scrapeados…
[Visão mirror][PDP] 1800/4483 PDP scrapeados…
[Visão mirror][PDP] 1820/4483 PDP scrapeados…
[Visão mirror][PDP] 1840/4483 PDP scrapeados…
[Visão mirror][PDP] 1860/4483 PDP scrapeados…
[Visão mirror][PDP] 1880/4483 PDP scrapeados…
[Visão mirror][PDP] 1900/4483 PDP scrapeados…
[Visão mirror][PDP] 1920/4483 PDP scrapeados…
[Visão mirror][PDP] 1940/4483 PDP scrapeados…
[Visão mirror][PDP] Nueva sesión PDP (sin_gen) gen=0
[Visão mirror][PDP] 1960/4483 PDP scrapeados…
[Visão mirror][PDP] Nueva sesión PDP (sin_gen) gen=0
[Visão mirror][PDP] 1980/4483 PDP scrapeados…
[Visão mirror][PDP] 2000/4483 PDP scrapeados…
[Visão mirror][PDP] 2020/4483 PDP scrapeados…
[Visão mirror][PDP] 2040/4483 PDP scrapeados…
[Visão mirror][PDP] 2060/4483 PDP scrapeados…
[Visão mirror][PDP] 2080/4483 PDP scrapeados…
[Visão mirror][PDP] 2100/4483 PDP scrapeados…
