[visao-purge] Inicio 2026-05-06T14:09:17.972Z
[visao-purge] Borrando productos…
[visao-purge] Productos eliminados: 0
[visao-purge] Borrando categorías…
[visao-purge] Categorías eliminadas: 0
[visao-purge] Iniciando sync espejo completo… {
  maxListings: null,
  singlePageListing: false,
  maxProductUrls: null,
  detailConcurrency: 2,
  listingConcurrency: 1
}
[Visão mirror] Iniciando scrape espejo (puede tardar mucho)...
[Visão mirror] Lanzando Chromium (Puppeteer). La primera ejecución puede tardar más si descarga el navegador.
[Visão mirror] Fase menú: recorriendo el sitio (collectMenuHierarchy). Puede ir varios minutos sin más líneas; es normal.
[Visão mirror] Fase menú terminada: 112 filas brutas.
[Visão mirror] Filas de menú / listados: 112
[Visão mirror][LISTING] https://www.visaovip.com/es/busca/categoria/accesorios/19-14 -> 9 URLs
[Visão mirror][LISTING] https://www.visaovip.com/es/busca/categoria/accesorios-gamer/30-01 -> 19 URLs
[Visão mirror][LISTING] https://www.visaovip.com/es/busca/categoria/accesorios-para-celulares/32-04 -> 17 URLs
[Visão mirror][LISTING] https://www.visaovip.com/es/busca/categoria/accesorios-para-cooler/25-06 -> 6 URLs
[Visão mirror][LISTING] https://www.visaovip.com/es/busca/categoria/accesorios-para-hdssd/21-05 -> 13 URLs
[Visão mirror][LISTING] https://www.visaovip.com/es/busca/categoria/adaptadores-wifi-y-bluetooth/31-02 -> 28 URLs
[Visão mirror][LISTING] https://www.visaovip.com/es/busca/categoria/alicate-y-decapitador/31-05 -> 0 URLs
[Visão mirror][LISTING_RETRY] intento 1/3 falló en /es/busca/categoria/almacenamiento/21: Protocol error (Page.navigate): Cannot navigate to invalid URL
[Visão mirror] Reiniciando Chromium (holder mutable)…
[Visão mirror][LISTING_RETRY] intento 2/3 falló en /es/busca/categoria/almacenamiento/21: Protocol error (Page.navigate): Cannot navigate to invalid URL
[Visão mirror] Reiniciando Chromium (holder mutable)…
[Visão mirror][LISTING_RETRY] intento 3/3 falló en /es/busca/categoria/almacenamiento/21: Protocol error (Page.navigate): Cannot navigate to invalid URL
[Visão mirror] Reiniciando Chromium (holder mutable)…
[Visão mirror][LISTING_SKIP] listado omitido tras 3 intentos: /es/busca/categoria/almacenamiento/21 | motivo=Protocol error (Page.navigate): Cannot navigate to invalid URL
[Visão mirror][LISTING] /es/busca/categoria/almacenamiento/21 -> 0 URLs
[Visão mirror][LISTING] https://www.visaovip.com/es/busca/categoria/almacenamiento/21 -> 704 URLs
[Visão mirror][LISTING] https://www.visaovip.com/es/busca/categoria/anteojos-de-proteccion/30-23 -> 0 URLs
[Visão mirror][LISTING_RETRY] intento 1/3 falló en /es/busca/categoria/apple/19: Protocol error (Page.navigate): Cannot navigate to invalid URL
[Visão mirror] Reiniciando Chromium (holder mutable)…
[Visão mirror][LISTING_RETRY] intento 2/3 falló en /es/busca/categoria/apple/19: Protocol error (Page.navigate): Cannot navigate to invalid URL
[Visão mirror] Reiniciando Chromium (holder mutable)…
[Visão mirror][LISTING_RETRY] intento 3/3 falló en /es/busca/categoria/apple/19: Protocol error (Page.navigate): Cannot navigate to invalid URL
[Visão mirror] Reiniciando Chromium (holder mutable)…
